// Jest Snapshot v1, https://goo.gl/fbAQLP

exports[`GifItem tests should match the snapshot 1`] = `
<div>
  <div
    class="card"
  >
    <img
      alt="Some title"
      src="https://some-random-url.com/img"
    />
    <p>
      Some title
    </p>
  </div>
</div>
`;
